Machine: media-player (initial: playing)
┌─ playing  (initial) [parallel]
  ┌─ audio
    decoding_audio  (initial)
    done  [final]
  └─ audio
  ~~~
  ┌─ captions
    done  [final]
    rendering_captions  (initial)
  └─ captions
  ~~~
  ┌─ video
    decoding_video  (initial)
    done  [final]
  └─ video
└─ playing
